arifal hidayat salamulloh